// Jest Snapshot v1, https://goo.gl/fbAQLP

exports[`<NewUserView /> renders as expected 1`] = `
<section
  className="iap-management-section"
>
  <header>
    <div>
      <Link
        className="iap-management-section__back"
        replace={false}
        to="/management/users"
      >
        ←  Users
      </Link>
    </div>
    <p
      className="iap-management-section__title"
    >
      Create User
    </p>
    <p
      className="iap-management-section__description"
    >
      Created user is going to be able to log in using these credentials
    </p>
  </header>
  <main>
    <UserForm
      error={null}
      onCancel={[Function]}
      onSubmit={[MockFunction]}
      saving={false}
    />
  </main>
</section>
`;
