// Jest Snapshot v1, https://goo.gl/fbAQLP

exports[`<EditUserView /> renders as expected 1`] = `
<section
  className="iap-management-section"
>
  <header>
    <div>
      <Link
        className="iap-management-section__back"
        replace={false}
        to="/management/users"
      >
        ←  Users
      </Link>
    </div>
    <div
      className="iap-management-section__title"
    >
      User Details
      <ActionsButton
        actions={
          Array [
            Object {
              "onClick": [Function],
              "title": "Delete User",
            },
          ]
        }
        loading={false}
        text="Actions"
      />
    </div>
    <p
      className="iap-management-section__description"
    >
      <span
        className="iap-section-description__id"
      >
        id: 
        1234
      </span>
    </p>
  </header>
  <main>
    <EditUserForm
      error={null}
      loading={false}
      onCancel={[Function]}
      onSubmit={[Function]}
      user={
        Object {
          "email": "john@doe.com",
          "id": "1234",
          "name": "John Doe",
        }
      }
    />
  </main>
</section>
`;
