// Jest Snapshot v1, https://goo.gl/fbAQLP

exports[`<ManagementScreenHeader /> renders as expected 1`] = `
<header
  className="iap-management-header"
>
  <Container>
    <div
      className="iap-management-header__inner"
    >
      <Link
        className="rrdl"
        replace={false}
        to="/management"
      >
        <span
          className="iap-management-header__logo"
        >
          Identifo
        </span>
      </Link>
      <ProfileDropdown />
    </div>
  </Container>
</header>
`;
